
R version 4.1.3 (2022-03-10) -- "One Push-Up"
Copyright (C) 2022 The R Foundation for Statistical Computing
Platform: i386-w64-mingw32/i386 (32-bit)

R is free software and comes with ABSOLUTELY NO WARRANTY.
You are welcome to redistribute it under certain conditions.
Type 'license()' or 'licence()' for distribution details.

  Natural language support but running in an English locale

R is a collaborative project with many contributors.
Type 'contributors()' for more information and
'citation()' on how to cite R or R packages in publications.

Type 'demo()' for some demos, 'help()' for on-line help, or
'help.start()' for an HTML browser interface to help.
Type 'q()' to quit R.

> seq(from 2, to 12, by 2)
Error: unexpected numeric constant in "seq(from 2"
> seq(from 2, to 12, by=2)
Error: unexpected numeric constant in "seq(from 2"
> seq(2,12,2)
[1]  2  4  6  8 10 12
> rep(seq(from 2, to 12, by 2),500)
Error: unexpected numeric constant in "rep(seq(from 2"
> rep.int(seq(2,12,2),500)
   [1]  2  4  6  8 10 12  2  4  6  8 10 12  2  4  6  8 10 12  2  4  6  8 10 12
  [25]  2  4  6  8 10 12  2  4  6  8 10 12  2  4  6  8 10 12  2  4  6  8 10 12
  [49]  2  4  6  8 10 12  2  4  6  8 10 12  2  4  6  8 10 12  2  4  6  8 10 12
  [73]  2  4  6  8 10 12  2  4  6  8 10 12  2  4  6  8 10 12  2  4  6  8 10 12
  [97]  2  4  6  8 10 12  2  4  6  8 10 12  2  4  6  8 10 12  2  4  6  8 10 12
 [121]  2  4  6  8 10 12  2  4  6  8 10 12  2  4  6  8 10 12  2  4  6  8 10 12
 [145]  2  4  6  8 10 12  2  4  6  8 10 12  2  4  6  8 10 12  2  4  6  8 10 12
 [169]  2  4  6  8 10 12  2  4  6  8 10 12  2  4  6  8 10 12  2  4  6  8 10 12
 [193]  2  4  6  8 10 12  2  4  6  8 10 12  2  4  6  8 10 12  2  4  6  8 10 12
 [217]  2  4  6  8 10 12  2  4  6  8 10 12  2  4  6  8 10 12  2  4  6  8 10 12
 [241]  2  4  6  8 10 12  2  4  6  8 10 12  2  4  6  8 10 12  2  4  6  8 10 12
 [265]  2  4  6  8 10 12  2  4  6  8 10 12  2  4  6  8 10 12  2  4  6  8 10 12
 [289]  2  4  6  8 10 12  2  4  6  8 10 12  2  4  6  8 10 12  2  4  6  8 10 12
 [313]  2  4  6  8 10 12  2  4  6  8 10 12  2  4  6  8 10 12  2  4  6  8 10 12
 [337]  2  4  6  8 10 12  2  4  6  8 10 12  2  4  6  8 10 12  2  4  6  8 10 12
 [361]  2  4  6  8 10 12  2  4  6  8 10 12  2  4  6  8 10 12  2  4  6  8 10 12
 [385]  2  4  6  8 10 12  2  4  6  8 10 12  2  4  6  8 10 12  2  4  6  8 10 12
 [409]  2  4  6  8 10 12  2  4  6  8 10 12  2  4  6  8 10 12  2  4  6  8 10 12
 [433]  2  4  6  8 10 12  2  4  6  8 10 12  2  4  6  8 10 12  2  4  6  8 10 12
 [457]  2  4  6  8 10 12  2  4  6  8 10 12  2  4  6  8 10 12  2  4  6  8 10 12
 [481]  2  4  6  8 10 12  2  4  6  8 10 12  2  4  6  8 10 12  2  4  6  8 10 12
 [505]  2  4  6  8 10 12  2  4  6  8 10 12  2  4  6  8 10 12  2  4  6  8 10 12
 [529]  2  4  6  8 10 12  2  4  6  8 10 12  2  4  6  8 10 12  2  4  6  8 10 12
 [553]  2  4  6  8 10 12  2  4  6  8 10 12  2  4  6  8 10 12  2  4  6  8 10 12
 [577]  2  4  6  8 10 12  2  4  6  8 10 12  2  4  6  8 10 12  2  4  6  8 10 12
 [601]  2  4  6  8 10 12  2  4  6  8 10 12  2  4  6  8 10 12  2  4  6  8 10 12
 [625]  2  4  6  8 10 12  2  4  6  8 10 12  2  4  6  8 10 12  2  4  6  8 10 12
 [649]  2  4  6  8 10 12  2  4  6  8 10 12  2  4  6  8 10 12  2  4  6  8 10 12
 [673]  2  4  6  8 10 12  2  4  6  8 10 12  2  4  6  8 10 12  2  4  6  8 10 12
 [697]  2  4  6  8 10 12  2  4  6  8 10 12  2  4  6  8 10 12  2  4  6  8 10 12
 [721]  2  4  6  8 10 12  2  4  6  8 10 12  2  4  6  8 10 12  2  4  6  8 10 12
 [745]  2  4  6  8 10 12  2  4  6  8 10 12  2  4  6  8 10 12  2  4  6  8 10 12
 [769]  2  4  6  8 10 12  2  4  6  8 10 12  2  4  6  8 10 12  2  4  6  8 10 12
 [793]  2  4  6  8 10 12  2  4  6  8 10 12  2  4  6  8 10 12  2  4  6  8 10 12
 [817]  2  4  6  8 10 12  2  4  6  8 10 12  2  4  6  8 10 12  2  4  6  8 10 12
 [841]  2  4  6  8 10 12  2  4  6  8 10 12  2  4  6  8 10 12  2  4  6  8 10 12
 [865]  2  4  6  8 10 12  2  4  6  8 10 12  2  4  6  8 10 12  2  4  6  8 10 12
 [889]  2  4  6  8 10 12  2  4  6  8 10 12  2  4  6  8 10 12  2  4  6  8 10 12
 [913]  2  4  6  8 10 12  2  4  6  8 10 12  2  4  6  8 10 12  2  4  6  8 10 12
 [937]  2  4  6  8 10 12  2  4  6  8 10 12  2  4  6  8 10 12  2  4  6  8 10 12
 [961]  2  4  6  8 10 12  2  4  6  8 10 12  2  4  6  8 10 12  2  4  6  8 10 12
 [985]  2  4  6  8 10 12  2  4  6  8 10 12  2  4  6  8 10 12  2  4  6  8 10 12
[1009]  2  4  6  8 10 12  2  4  6  8 10 12  2  4  6  8 10 12  2  4  6  8 10 12
[1033]  2  4  6  8 10 12  2  4  6  8 10 12  2  4  6  8 10 12  2  4  6  8 10 12
[1057]  2  4  6  8 10 12  2  4  6  8 10 12  2  4  6  8 10 12  2  4  6  8 10 12
[1081]  2  4  6  8 10 12  2  4  6  8 10 12  2  4  6  8 10 12  2  4  6  8 10 12
[1105]  2  4  6  8 10 12  2  4  6  8 10 12  2  4  6  8 10 12  2  4  6  8 10 12
[1129]  2  4  6  8 10 12  2  4  6  8 10 12  2  4  6  8 10 12  2  4  6  8 10 12
[1153]  2  4  6  8 10 12  2  4  6  8 10 12  2  4  6  8 10 12  2  4  6  8 10 12
[1177]  2  4  6  8 10 12  2  4  6  8 10 12  2  4  6  8 10 12  2  4  6  8 10 12
[1201]  2  4  6  8 10 12  2  4  6  8 10 12  2  4  6  8 10 12  2  4  6  8 10 12
[1225]  2  4  6  8 10 12  2  4  6  8 10 12  2  4  6  8 10 12  2  4  6  8 10 12
[1249]  2  4  6  8 10 12  2  4  6  8 10 12  2  4  6  8 10 12  2  4  6  8 10 12
[1273]  2  4  6  8 10 12  2  4  6  8 10 12  2  4  6  8 10 12  2  4  6  8 10 12
[1297]  2  4  6  8 10 12  2  4  6  8 10 12  2  4  6  8 10 12  2  4  6  8 10 12
[1321]  2  4  6  8 10 12  2  4  6  8 10 12  2  4  6  8 10 12  2  4  6  8 10 12
[1345]  2  4  6  8 10 12  2  4  6  8 10 12  2  4  6  8 10 12  2  4  6  8 10 12
[1369]  2  4  6  8 10 12  2  4  6  8 10 12  2  4  6  8 10 12  2  4  6  8 10 12
[1393]  2  4  6  8 10 12  2  4  6  8 10 12  2  4  6  8 10 12  2  4  6  8 10 12
[1417]  2  4  6  8 10 12  2  4  6  8 10 12  2  4  6  8 10 12  2  4  6  8 10 12
[1441]  2  4  6  8 10 12  2  4  6  8 10 12  2  4  6  8 10 12  2  4  6  8 10 12
[1465]  2  4  6  8 10 12  2  4  6  8 10 12  2  4  6  8 10 12  2  4  6  8 10 12
[1489]  2  4  6  8 10 12  2  4  6  8 10 12  2  4  6  8 10 12  2  4  6  8 10 12
[1513]  2  4  6  8 10 12  2  4  6  8 10 12  2  4  6  8 10 12  2  4  6  8 10 12
[1537]  2  4  6  8 10 12  2  4  6  8 10 12  2  4  6  8 10 12  2  4  6  8 10 12
[1561]  2  4  6  8 10 12  2  4  6  8 10 12  2  4  6  8 10 12  2  4  6  8 10 12
[1585]  2  4  6  8 10 12  2  4  6  8 10 12  2  4  6  8 10 12  2  4  6  8 10 12
[1609]  2  4  6  8 10 12  2  4  6  8 10 12  2  4  6  8 10 12  2  4  6  8 10 12
[1633]  2  4  6  8 10 12  2  4  6  8 10 12  2  4  6  8 10 12  2  4  6  8 10 12
[1657]  2  4  6  8 10 12  2  4  6  8 10 12  2  4  6  8 10 12  2  4  6  8 10 12
[1681]  2  4  6  8 10 12  2  4  6  8 10 12  2  4  6  8 10 12  2  4  6  8 10 12
[1705]  2  4  6  8 10 12  2  4  6  8 10 12  2  4  6  8 10 12  2  4  6  8 10 12
[1729]  2  4  6  8 10 12  2  4  6  8 10 12  2  4  6  8 10 12  2  4  6  8 10 12
[1753]  2  4  6  8 10 12  2  4  6  8 10 12  2  4  6  8 10 12  2  4  6  8 10 12
[1777]  2  4  6  8 10 12  2  4  6  8 10 12  2  4  6  8 10 12  2  4  6  8 10 12
[1801]  2  4  6  8 10 12  2  4  6  8 10 12  2  4  6  8 10 12  2  4  6  8 10 12
[1825]  2  4  6  8 10 12  2  4  6  8 10 12  2  4  6  8 10 12  2  4  6  8 10 12
[1849]  2  4  6  8 10 12  2  4  6  8 10 12  2  4  6  8 10 12  2  4  6  8 10 12
[1873]  2  4  6  8 10 12  2  4  6  8 10 12  2  4  6  8 10 12  2  4  6  8 10 12
[1897]  2  4  6  8 10 12  2  4  6  8 10 12  2  4  6  8 10 12  2  4  6  8 10 12
[1921]  2  4  6  8 10 12  2  4  6  8 10 12  2  4  6  8 10 12  2  4  6  8 10 12
[1945]  2  4  6  8 10 12  2  4  6  8 10 12  2  4  6  8 10 12  2  4  6  8 10 12
[1969]  2  4  6  8 10 12  2  4  6  8 10 12  2  4  6  8 10 12  2  4  6  8 10 12
[1993]  2  4  6  8 10 12  2  4  6  8 10 12  2  4  6  8 10 12  2  4  6  8 10 12
[2017]  2  4  6  8 10 12  2  4  6  8 10 12  2  4  6  8 10 12  2  4  6  8 10 12
[2041]  2  4  6  8 10 12  2  4  6  8 10 12  2  4  6  8 10 12  2  4  6  8 10 12
[2065]  2  4  6  8 10 12  2  4  6  8 10 12  2  4  6  8 10 12  2  4  6  8 10 12
[2089]  2  4  6  8 10 12  2  4  6  8 10 12  2  4  6  8 10 12  2  4  6  8 10 12
[2113]  2  4  6  8 10 12  2  4  6  8 10 12  2  4  6  8 10 12  2  4  6  8 10 12
[2137]  2  4  6  8 10 12  2  4  6  8 10 12  2  4  6  8 10 12  2  4  6  8 10 12
[2161]  2  4  6  8 10 12  2  4  6  8 10 12  2  4  6  8 10 12  2  4  6  8 10 12
[2185]  2  4  6  8 10 12  2  4  6  8 10 12  2  4  6  8 10 12  2  4  6  8 10 12
[2209]  2  4  6  8 10 12  2  4  6  8 10 12  2  4  6  8 10 12  2  4  6  8 10 12
[2233]  2  4  6  8 10 12  2  4  6  8 10 12  2  4  6  8 10 12  2  4  6  8 10 12
[2257]  2  4  6  8 10 12  2  4  6  8 10 12  2  4  6  8 10 12  2  4  6  8 10 12
[2281]  2  4  6  8 10 12  2  4  6  8 10 12  2  4  6  8 10 12  2  4  6  8 10 12
[2305]  2  4  6  8 10 12  2  4  6  8 10 12  2  4  6  8 10 12  2  4  6  8 10 12
[2329]  2  4  6  8 10 12  2  4  6  8 10 12  2  4  6  8 10 12  2  4  6  8 10 12
[2353]  2  4  6  8 10 12  2  4  6  8 10 12  2  4  6  8 10 12  2  4  6  8 10 12
[2377]  2  4  6  8 10 12  2  4  6  8 10 12  2  4  6  8 10 12  2  4  6  8 10 12
[2401]  2  4  6  8 10 12  2  4  6  8 10 12  2  4  6  8 10 12  2  4  6  8 10 12
[2425]  2  4  6  8 10 12  2  4  6  8 10 12  2  4  6  8 10 12  2  4  6  8 10 12
[2449]  2  4  6  8 10 12  2  4  6  8 10 12  2  4  6  8 10 12  2  4  6  8 10 12
[2473]  2  4  6  8 10 12  2  4  6  8 10 12  2  4  6  8 10 12  2  4  6  8 10 12
[2497]  2  4  6  8 10 12  2  4  6  8 10 12  2  4  6  8 10 12  2  4  6  8 10 12
[2521]  2  4  6  8 10 12  2  4  6  8 10 12  2  4  6  8 10 12  2  4  6  8 10 12
[2545]  2  4  6  8 10 12  2  4  6  8 10 12  2  4  6  8 10 12  2  4  6  8 10 12
[2569]  2  4  6  8 10 12  2  4  6  8 10 12  2  4  6  8 10 12  2  4  6  8 10 12
[2593]  2  4  6  8 10 12  2  4  6  8 10 12  2  4  6  8 10 12  2  4  6  8 10 12
[2617]  2  4  6  8 10 12  2  4  6  8 10 12  2  4  6  8 10 12  2  4  6  8 10 12
[2641]  2  4  6  8 10 12  2  4  6  8 10 12  2  4  6  8 10 12  2  4  6  8 10 12
[2665]  2  4  6  8 10 12  2  4  6  8 10 12  2  4  6  8 10 12  2  4  6  8 10 12
[2689]  2  4  6  8 10 12  2  4  6  8 10 12  2  4  6  8 10 12  2  4  6  8 10 12
[2713]  2  4  6  8 10 12  2  4  6  8 10 12  2  4  6  8 10 12  2  4  6  8 10 12
[2737]  2  4  6  8 10 12  2  4  6  8 10 12  2  4  6  8 10 12  2  4  6  8 10 12
[2761]  2  4  6  8 10 12  2  4  6  8 10 12  2  4  6  8 10 12  2  4  6  8 10 12
[2785]  2  4  6  8 10 12  2  4  6  8 10 12  2  4  6  8 10 12  2  4  6  8 10 12
[2809]  2  4  6  8 10 12  2  4  6  8 10 12  2  4  6  8 10 12  2  4  6  8 10 12
[2833]  2  4  6  8 10 12  2  4  6  8 10 12  2  4  6  8 10 12  2  4  6  8 10 12
[2857]  2  4  6  8 10 12  2  4  6  8 10 12  2  4  6  8 10 12  2  4  6  8 10 12
[2881]  2  4  6  8 10 12  2  4  6  8 10 12  2  4  6  8 10 12  2  4  6  8 10 12
[2905]  2  4  6  8 10 12  2  4  6  8 10 12  2  4  6  8 10 12  2  4  6  8 10 12
[2929]  2  4  6  8 10 12  2  4  6  8 10 12  2  4  6  8 10 12  2  4  6  8 10 12
[2953]  2  4  6  8 10 12  2  4  6  8 10 12  2  4  6  8 10 12  2  4  6  8 10 12
[2977]  2  4  6  8 10 12  2  4  6  8 10 12  2  4  6  8 10 12  2  4  6  8 10 12
> rep(seq(2,12,2),500)
   [1]  2  4  6  8 10 12  2  4  6  8 10 12  2  4  6  8 10 12  2  4  6  8 10 12
  [25]  2  4  6  8 10 12  2  4  6  8 10 12  2  4  6  8 10 12  2  4  6  8 10 12
  [49]  2  4  6  8 10 12  2  4  6  8 10 12  2  4  6  8 10 12  2  4  6  8 10 12
  [73]  2  4  6  8 10 12  2  4  6  8 10 12  2  4  6  8 10 12  2  4  6  8 10 12
  [97]  2  4  6  8 10 12  2  4  6  8 10 12  2  4  6  8 10 12  2  4  6  8 10 12
 [121]  2  4  6  8 10 12  2  4  6  8 10 12  2  4  6  8 10 12  2  4  6  8 10 12
 [145]  2  4  6  8 10 12  2  4  6  8 10 12  2  4  6  8 10 12  2  4  6  8 10 12
 [169]  2  4  6  8 10 12  2  4  6  8 10 12  2  4  6  8 10 12  2  4  6  8 10 12
 [193]  2  4  6  8 10 12  2  4  6  8 10 12  2  4  6  8 10 12  2  4  6  8 10 12
 [217]  2  4  6  8 10 12  2  4  6  8 10 12  2  4  6  8 10 12  2  4  6  8 10 12
 [241]  2  4  6  8 10 12  2  4  6  8 10 12  2  4  6  8 10 12  2  4  6  8 10 12
 [265]  2  4  6  8 10 12  2  4  6  8 10 12  2  4  6  8 10 12  2  4  6  8 10 12
 [289]  2  4  6  8 10 12  2  4  6  8 10 12  2  4  6  8 10 12  2  4  6  8 10 12
 [313]  2  4  6  8 10 12  2  4  6  8 10 12  2  4  6  8 10 12  2  4  6  8 10 12
 [337]  2  4  6  8 10 12  2  4  6  8 10 12  2  4  6  8 10 12  2  4  6  8 10 12
 [361]  2  4  6  8 10 12  2  4  6  8 10 12  2  4  6  8 10 12  2  4  6  8 10 12
 [385]  2  4  6  8 10 12  2  4  6  8 10 12  2  4  6  8 10 12  2  4  6  8 10 12
 [409]  2  4  6  8 10 12  2  4  6  8 10 12  2  4  6  8 10 12  2  4  6  8 10 12
 [433]  2  4  6  8 10 12  2  4  6  8 10 12  2  4  6  8 10 12  2  4  6  8 10 12
 [457]  2  4  6  8 10 12  2  4  6  8 10 12  2  4  6  8 10 12  2  4  6  8 10 12
 [481]  2  4  6  8 10 12  2  4  6  8 10 12  2  4  6  8 10 12  2  4  6  8 10 12
 [505]  2  4  6  8 10 12  2  4  6  8 10 12  2  4  6  8 10 12  2  4  6  8 10 12
 [529]  2  4  6  8 10 12  2  4  6  8 10 12  2  4  6  8 10 12  2  4  6  8 10 12
 [553]  2  4  6  8 10 12  2  4  6  8 10 12  2  4  6  8 10 12  2  4  6  8 10 12
 [577]  2  4  6  8 10 12  2  4  6  8 10 12  2  4  6  8 10 12  2  4  6  8 10 12
 [601]  2  4  6  8 10 12  2  4  6  8 10 12  2  4  6  8 10 12  2  4  6  8 10 12
 [625]  2  4  6  8 10 12  2  4  6  8 10 12  2  4  6  8 10 12  2  4  6  8 10 12
 [649]  2  4  6  8 10 12  2  4  6  8 10 12  2  4  6  8 10 12  2  4  6  8 10 12
 [673]  2  4  6  8 10 12  2  4  6  8 10 12  2  4  6  8 10 12  2  4  6  8 10 12
 [697]  2  4  6  8 10 12  2  4  6  8 10 12  2  4  6  8 10 12  2  4  6  8 10 12
 [721]  2  4  6  8 10 12  2  4  6  8 10 12  2  4  6  8 10 12  2  4  6  8 10 12
 [745]  2  4  6  8 10 12  2  4  6  8 10 12  2  4  6  8 10 12  2  4  6  8 10 12
 [769]  2  4  6  8 10 12  2  4  6  8 10 12  2  4  6  8 10 12  2  4  6  8 10 12
 [793]  2  4  6  8 10 12  2  4  6  8 10 12  2  4  6  8 10 12  2  4  6  8 10 12
 [817]  2  4  6  8 10 12  2  4  6  8 10 12  2  4  6  8 10 12  2  4  6  8 10 12
 [841]  2  4  6  8 10 12  2  4  6  8 10 12  2  4  6  8 10 12  2  4  6  8 10 12
 [865]  2  4  6  8 10 12  2  4  6  8 10 12  2  4  6  8 10 12  2  4  6  8 10 12
 [889]  2  4  6  8 10 12  2  4  6  8 10 12  2  4  6  8 10 12  2  4  6  8 10 12
 [913]  2  4  6  8 10 12  2  4  6  8 10 12  2  4  6  8 10 12  2  4  6  8 10 12
 [937]  2  4  6  8 10 12  2  4  6  8 10 12  2  4  6  8 10 12  2  4  6  8 10 12
 [961]  2  4  6  8 10 12  2  4  6  8 10 12  2  4  6  8 10 12  2  4  6  8 10 12
 [985]  2  4  6  8 10 12  2  4  6  8 10 12  2  4  6  8 10 12  2  4  6  8 10 12
[1009]  2  4  6  8 10 12  2  4  6  8 10 12  2  4  6  8 10 12  2  4  6  8 10 12
[1033]  2  4  6  8 10 12  2  4  6  8 10 12  2  4  6  8 10 12  2  4  6  8 10 12
[1057]  2  4  6  8 10 12  2  4  6  8 10 12  2  4  6  8 10 12  2  4  6  8 10 12
[1081]  2  4  6  8 10 12  2  4  6  8 10 12  2  4  6  8 10 12  2  4  6  8 10 12
[1105]  2  4  6  8 10 12  2  4  6  8 10 12  2  4  6  8 10 12  2  4  6  8 10 12
[1129]  2  4  6  8 10 12  2  4  6  8 10 12  2  4  6  8 10 12  2  4  6  8 10 12
[1153]  2  4  6  8 10 12  2  4  6  8 10 12  2  4  6  8 10 12  2  4  6  8 10 12
[1177]  2  4  6  8 10 12  2  4  6  8 10 12  2  4  6  8 10 12  2  4  6  8 10 12
[1201]  2  4  6  8 10 12  2  4  6  8 10 12  2  4  6  8 10 12  2  4  6  8 10 12
[1225]  2  4  6  8 10 12  2  4  6  8 10 12  2  4  6  8 10 12  2  4  6  8 10 12
[1249]  2  4  6  8 10 12  2  4  6  8 10 12  2  4  6  8 10 12  2  4  6  8 10 12
[1273]  2  4  6  8 10 12  2  4  6  8 10 12  2  4  6  8 10 12  2  4  6  8 10 12
[1297]  2  4  6  8 10 12  2  4  6  8 10 12  2  4  6  8 10 12  2  4  6  8 10 12
[1321]  2  4  6  8 10 12  2  4  6  8 10 12  2  4  6  8 10 12  2  4  6  8 10 12
[1345]  2  4  6  8 10 12  2  4  6  8 10 12  2  4  6  8 10 12  2  4  6  8 10 12
[1369]  2  4  6  8 10 12  2  4  6  8 10 12  2  4  6  8 10 12  2  4  6  8 10 12
[1393]  2  4  6  8 10 12  2  4  6  8 10 12  2  4  6  8 10 12  2  4  6  8 10 12
[1417]  2  4  6  8 10 12  2  4  6  8 10 12  2  4  6  8 10 12  2  4  6  8 10 12
[1441]  2  4  6  8 10 12  2  4  6  8 10 12  2  4  6  8 10 12  2  4  6  8 10 12
[1465]  2  4  6  8 10 12  2  4  6  8 10 12  2  4  6  8 10 12  2  4  6  8 10 12
[1489]  2  4  6  8 10 12  2  4  6  8 10 12  2  4  6  8 10 12  2  4  6  8 10 12
[1513]  2  4  6  8 10 12  2  4  6  8 10 12  2  4  6  8 10 12  2  4  6  8 10 12
[1537]  2  4  6  8 10 12  2  4  6  8 10 12  2  4  6  8 10 12  2  4  6  8 10 12
[1561]  2  4  6  8 10 12  2  4  6  8 10 12  2  4  6  8 10 12  2  4  6  8 10 12
[1585]  2  4  6  8 10 12  2  4  6  8 10 12  2  4  6  8 10 12  2  4  6  8 10 12
[1609]  2  4  6  8 10 12  2  4  6  8 10 12  2  4  6  8 10 12  2  4  6  8 10 12
[1633]  2  4  6  8 10 12  2  4  6  8 10 12  2  4  6  8 10 12  2  4  6  8 10 12
[1657]  2  4  6  8 10 12  2  4  6  8 10 12  2  4  6  8 10 12  2  4  6  8 10 12
[1681]  2  4  6  8 10 12  2  4  6  8 10 12  2  4  6  8 10 12  2  4  6  8 10 12
[1705]  2  4  6  8 10 12  2  4  6  8 10 12  2  4  6  8 10 12  2  4  6  8 10 12
[1729]  2  4  6  8 10 12  2  4  6  8 10 12  2  4  6  8 10 12  2  4  6  8 10 12
[1753]  2  4  6  8 10 12  2  4  6  8 10 12  2  4  6  8 10 12  2  4  6  8 10 12
[1777]  2  4  6  8 10 12  2  4  6  8 10 12  2  4  6  8 10 12  2  4  6  8 10 12
[1801]  2  4  6  8 10 12  2  4  6  8 10 12  2  4  6  8 10 12  2  4  6  8 10 12
[1825]  2  4  6  8 10 12  2  4  6  8 10 12  2  4  6  8 10 12  2  4  6  8 10 12
[1849]  2  4  6  8 10 12  2  4  6  8 10 12  2  4  6  8 10 12  2  4  6  8 10 12
[1873]  2  4  6  8 10 12  2  4  6  8 10 12  2  4  6  8 10 12  2  4  6  8 10 12
[1897]  2  4  6  8 10 12  2  4  6  8 10 12  2  4  6  8 10 12  2  4  6  8 10 12
[1921]  2  4  6  8 10 12  2  4  6  8 10 12  2  4  6  8 10 12  2  4  6  8 10 12
[1945]  2  4  6  8 10 12  2  4  6  8 10 12  2  4  6  8 10 12  2  4  6  8 10 12
[1969]  2  4  6  8 10 12  2  4  6  8 10 12  2  4  6  8 10 12  2  4  6  8 10 12
[1993]  2  4  6  8 10 12  2  4  6  8 10 12  2  4  6  8 10 12  2  4  6  8 10 12
[2017]  2  4  6  8 10 12  2  4  6  8 10 12  2  4  6  8 10 12  2  4  6  8 10 12
[2041]  2  4  6  8 10 12  2  4  6  8 10 12  2  4  6  8 10 12  2  4  6  8 10 12
[2065]  2  4  6  8 10 12  2  4  6  8 10 12  2  4  6  8 10 12  2  4  6  8 10 12
[2089]  2  4  6  8 10 12  2  4  6  8 10 12  2  4  6  8 10 12  2  4  6  8 10 12
[2113]  2  4  6  8 10 12  2  4  6  8 10 12  2  4  6  8 10 12  2  4  6  8 10 12
[2137]  2  4  6  8 10 12  2  4  6  8 10 12  2  4  6  8 10 12  2  4  6  8 10 12
[2161]  2  4  6  8 10 12  2  4  6  8 10 12  2  4  6  8 10 12  2  4  6  8 10 12
[2185]  2  4  6  8 10 12  2  4  6  8 10 12  2  4  6  8 10 12  2  4  6  8 10 12
[2209]  2  4  6  8 10 12  2  4  6  8 10 12  2  4  6  8 10 12  2  4  6  8 10 12
[2233]  2  4  6  8 10 12  2  4  6  8 10 12  2  4  6  8 10 12  2  4  6  8 10 12
[2257]  2  4  6  8 10 12  2  4  6  8 10 12  2  4  6  8 10 12  2  4  6  8 10 12
[2281]  2  4  6  8 10 12  2  4  6  8 10 12  2  4  6  8 10 12  2  4  6  8 10 12
[2305]  2  4  6  8 10 12  2  4  6  8 10 12  2  4  6  8 10 12  2  4  6  8 10 12
[2329]  2  4  6  8 10 12  2  4  6  8 10 12  2  4  6  8 10 12  2  4  6  8 10 12
[2353]  2  4  6  8 10 12  2  4  6  8 10 12  2  4  6  8 10 12  2  4  6  8 10 12
[2377]  2  4  6  8 10 12  2  4  6  8 10 12  2  4  6  8 10 12  2  4  6  8 10 12
[2401]  2  4  6  8 10 12  2  4  6  8 10 12  2  4  6  8 10 12  2  4  6  8 10 12
[2425]  2  4  6  8 10 12  2  4  6  8 10 12  2  4  6  8 10 12  2  4  6  8 10 12
[2449]  2  4  6  8 10 12  2  4  6  8 10 12  2  4  6  8 10 12  2  4  6  8 10 12
[2473]  2  4  6  8 10 12  2  4  6  8 10 12  2  4  6  8 10 12  2  4  6  8 10 12
[2497]  2  4  6  8 10 12  2  4  6  8 10 12  2  4  6  8 10 12  2  4  6  8 10 12
[2521]  2  4  6  8 10 12  2  4  6  8 10 12  2  4  6  8 10 12  2  4  6  8 10 12
[2545]  2  4  6  8 10 12  2  4  6  8 10 12  2  4  6  8 10 12  2  4  6  8 10 12
[2569]  2  4  6  8 10 12  2  4  6  8 10 12  2  4  6  8 10 12  2  4  6  8 10 12
[2593]  2  4  6  8 10 12  2  4  6  8 10 12  2  4  6  8 10 12  2  4  6  8 10 12
[2617]  2  4  6  8 10 12  2  4  6  8 10 12  2  4  6  8 10 12  2  4  6  8 10 12
[2641]  2  4  6  8 10 12  2  4  6  8 10 12  2  4  6  8 10 12  2  4  6  8 10 12
[2665]  2  4  6  8 10 12  2  4  6  8 10 12  2  4  6  8 10 12  2  4  6  8 10 12
[2689]  2  4  6  8 10 12  2  4  6  8 10 12  2  4  6  8 10 12  2  4  6  8 10 12
[2713]  2  4  6  8 10 12  2  4  6  8 10 12  2  4  6  8 10 12  2  4  6  8 10 12
[2737]  2  4  6  8 10 12  2  4  6  8 10 12  2  4  6  8 10 12  2  4  6  8 10 12
[2761]  2  4  6  8 10 12  2  4  6  8 10 12  2  4  6  8 10 12  2  4  6  8 10 12
[2785]  2  4  6  8 10 12  2  4  6  8 10 12  2  4  6  8 10 12  2  4  6  8 10 12
[2809]  2  4  6  8 10 12  2  4  6  8 10 12  2  4  6  8 10 12  2  4  6  8 10 12
[2833]  2  4  6  8 10 12  2  4  6  8 10 12  2  4  6  8 10 12  2  4  6  8 10 12
[2857]  2  4  6  8 10 12  2  4  6  8 10 12  2  4  6  8 10 12  2  4  6  8 10 12
[2881]  2  4  6  8 10 12  2  4  6  8 10 12  2  4  6  8 10 12  2  4  6  8 10 12
[2905]  2  4  6  8 10 12  2  4  6  8 10 12  2  4  6  8 10 12  2  4  6  8 10 12
[2929]  2  4  6  8 10 12  2  4  6  8 10 12  2  4  6  8 10 12  2  4  6  8 10 12
[2953]  2  4  6  8 10 12  2  4  6  8 10 12  2  4  6  8 10 12  2  4  6  8 10 12
[2977]  2  4  6  8 10 12  2  4  6  8 10 12  2  4  6  8 10 12  2  4  6  8 10 12
> sample(rep(seq(2,12,2),500),50,FALSE,NULL)
 [1]  4  4  2 12 10  6  8 10  6 12 10  2 12  2  2 10 10  4  4  4  6 10  8 12 10
[26]  6  2  2  4 10  6 12  2  4 10  6  8  8  2  2  6 10  4 10  8  4  2  8 10  4
> summary(rep(seq(2,12,2),500),50,FALSE,NULL))
Error: unexpected ')' in "summary(rep(seq(2,12,2),500),50,FALSE,NULL))"
> summary(sample(rep(seq(2,12,2),500),50,FALSE,NULL))
   Min. 1st Qu.  Median    Mean 3rd Qu.    Max. 
    2.0     4.0     6.0     6.6    10.0    12.0 
> save.image("C:\\Users\\sulam\\OneDrive\\Desktop\\R Module HW1")
> 
